src/app/api/chat/route.ts(40,17): error TS2769: No overload matches this call.
  The last overload gave the following error.
    Type '({ patientName }: { patientName: any; }) => Promise<{ error: string; message?: undefined; patients?: undefined; } | { message: string; error?: undefined; patients?: undefined; } | { patients: { name: any; room: any; department: any; floor: any; diagnosis: any; admittedAt: any; }[]; error?: undefined; message?: undef...' is not assignable to type 'undefined'.
src/app/api/chat/route.ts(40,35): error TS7031: Binding element 'patientName' implicitly has an 'any' type.
src/app/api/chat/route.ts(73,17): error TS2769: No overload matches this call.
  The last overload gave the following error.
    Type '({ departmentName, doctorName, date }: { departmentName: any; doctorName: any; date: any; }) => Promise<{ error: string; message?: undefined; doctors?: undefined; } | { message: string; error?: undefined; doctors?: undefined; } | { doctors: { ...; }[]; error?: undefined; message?: undefined; }>' is not assignable to type 'undefined'.
src/app/api/chat/route.ts(73,35): error TS7031: Binding element 'departmentName' implicitly has an 'any' type.
src/app/api/chat/route.ts(73,51): error TS7031: Binding element 'doctorName' implicitly has an 'any' type.
src/app/api/chat/route.ts(73,63): error TS7031: Binding element 'date' implicitly has an 'any' type.
src/app/api/chat/route.ts(121,17): error TS2769: No overload matches this call.
  The last overload gave the following error.
    Type '({ patientName, phone, slotId, doctorId }: { patientName: any; phone: any; slotId: any; doctorId: any; }) => Promise<{ error: string; success?: undefined; appointmentId?: undefined; message?: undefined; } | { success: boolean; appointmentId: any; message: string; error?: undefined; }>' is not assignable to type 'undefined'.
src/app/api/chat/route.ts(121,35): error TS7031: Binding element 'patientName' implicitly has an 'any' type.
src/app/api/chat/route.ts(121,48): error TS7031: Binding element 'phone' implicitly has an 'any' type.
src/app/api/chat/route.ts(121,55): error TS7031: Binding element 'slotId' implicitly has an 'any' type.
src/app/api/chat/route.ts(121,63): error TS7031: Binding element 'doctorId' implicitly has an 'any' type.
src/app/api/chat/route.ts(158,17): error TS2769: No overload matches this call.
  The last overload gave the following error.
    Type '({ query }: { query: any; }) => Promise<{ error: string; message?: undefined; defaultInfo?: undefined; information?: undefined; } | { message: string; defaultInfo: { visitingHours: string; emergencyContact: string; reception: string; }; error?: undefined; information?: undefined; } | { ...; }>' is not assignable to type 'undefined'.
src/app/api/chat/route.ts(158,35): error TS7031: Binding element 'query' implicitly has an 'any' type.
src/app/api/chat/route.ts(184,17): error TS2769: No overload matches this call.
  The last overload gave the following error.
    Type '() => Promise<{ error: string; departments?: undefined; } | { departments: { id: any; name: any; floor: any; description: any; phone: any; }[]; error?: undefined; }>' is not assignable to type 'undefined'.
src/app/api/chat/route.ts(200,17): error TS2769: No overload matches this call.
  The last overload gave the following error.
    Type '({ symptoms }: { symptoms: any; }) => Promise<{ suggestedDepartments: string[]; disclaimer: string; }>' is not assignable to type 'undefined'.
src/app/api/chat/route.ts(200,35): error TS7031: Binding element 'symptoms' implicitly has an 'any' type.
src/app/api/chat/route.ts(231,19): error TS2551: Property 'toDataStreamResponse' does not exist on type 'StreamTextResult<{ findPatient: Tool<any, any>; getDoctorAvailability: Tool<any, any>; bookAppointment: Tool<any, any>; getHospitalInfo: Tool<any, any>; getDepartments: Tool<...>; suggestDepartment: Tool<...>; }, Output<...>>'. Did you mean 'toTextStreamResponse'?
src/components/ChatInterface.tsx(37,17): error TS2345: Argument of type '(UIMessage<unknown, UIDataTypes, UITools> | { id: string; role: "user"; content: string; })[]' is not assignable to parameter of type 'UIMessage<unknown, UIDataTypes, UITools>[] | ((messages: UIMessage<unknown, UIDataTypes, UITools>[]) => UIMessage<unknown, UIDataTypes, UITools>[])'.
  Type '(UIMessage<unknown, UIDataTypes, UITools> | { id: string; role: "user"; content: string; })[]' is not assignable to type 'UIMessage<unknown, UIDataTypes, UITools>[]'.
    Type 'UIMessage<unknown, UIDataTypes, UITools> | { id: string; role: "user"; content: string; }' is not assignable to type 'UIMessage<unknown, UIDataTypes, UITools>'.
      Property 'parts' is missing in type '{ id: string; role: "user"; content: string; }' but required in type 'UIMessage<unknown, UIDataTypes, UITools>'.
src/components/ChatInterface.tsx(60,20): error TS2322: Type 'UIMessage<unknown, UIDataTypes, UITools> | { id: string; role: "user"; content: string; }' is not assignable to type 'UIMessage<unknown, UIDataTypes, UITools>'.
  Property 'parts' is missing in type '{ id: string; role: "user"; content: string; }' but required in type 'UIMessage<unknown, UIDataTypes, UITools>'.
src/components/ChatInterface.tsx(60,36): error TS2741: Property 'parts' is missing in type '{ id: string; role: "assistant"; content: string; }' but required in type 'UIMessage<unknown, UIDataTypes, UITools>'.
src/components/ChatInterface.tsx(74,28): error TS2322: Type 'UIMessage<unknown, UIDataTypes, UITools> | { id: string; role: "user"; content: string; }' is not assignable to type 'UIMessage<unknown, UIDataTypes, UITools>'.
  Property 'parts' is missing in type '{ id: string; role: "user"; content: string; }' but required in type 'UIMessage<unknown, UIDataTypes, UITools>'.
src/components/ChatInterface.tsx(74,67): error TS2353: Object literal may only specify known properties, and 'content' does not exist in type 'UIMessage<unknown, UIDataTypes, UITools>'.
src/components/ChatInterface.tsx(83,20): error TS2322: Type 'UIMessage<unknown, UIDataTypes, UITools> | { id: string; role: "user"; content: string; }' is not assignable to type 'UIMessage<unknown, UIDataTypes, UITools>'.
  Property 'parts' is missing in type '{ id: string; role: "user"; content: string; }' but required in type 'UIMessage<unknown, UIDataTypes, UITools>'.
src/components/ChatInterface.tsx(86,9): error TS2353: Object literal may only specify known properties, and 'content' does not exist in type 'UIMessage<unknown, UIDataTypes, UITools>'.
src/components/ChatInterface.tsx(206,37): error TS2339: Property 'content' does not exist on type 'UIMessage<unknown, UIDataTypes, UITools>'.
src/components/ChatInterface.tsx(206,68): error TS2339: Property 'content' does not exist on type 'UIMessage<unknown, UIDataTypes, UITools>'.
